----------------------------------------------------------------------------------------------------
      name:  <unnamed>
       log:  /Users/harukatakagi/Desktop/covid_analysis.log
  log type:  text
 opened on:  14 Oct 2021, 21:48:35

. 
. *LOAD DATA
. use covid_data, clear

. 
. *DATA PROCESSING
. gen vax_full_squared = vax_full^2

. gen svi_verylow = (svi_cat==1)

. gen svi_low = (svi_cat==2)

. gen svi_moderate = (svi_cat==3)

. gen svi_high = (svi_cat==4)

. gen svi_veryhigh = (svi_cat==5)

. gen large_central_metro = (urban==1)

. gen large_fringe_metro = (urban==2)

. gen medium_metro = (urban==3)

. gen small_metro = (urban==4)

. gen micropolitan = (urban==5)

. gen noncore = (urban==6)

. 
. * Label variables
. label var vax_full_squared "Percent fully vaccinated squared: VAXS data"

. label var svi_verylow "dummy variable for SVI very low vulnerability"

. label var svi_low "dummy variable for SVI low vulnerability"

. label var svi_moderate "dummy variable for SVI moderate vulnerability"

. label var svi_high "dummy variable for SVI high vulnerability"

. label var svi_veryhigh "dummy variable for SVI very high vulnerability"

. label var large_central_metro "dummy variable for area in large central metro"

. label var large_fringe_metro "dummy variable for area in large fringe metro"

. label var medium_metro "dummy variable for area in medium metro"

. label var small_metro "dummy variable for area in small metro"

. label var micropolitan "dummy variable for area in micropolitan"

. label var noncore "dummy variable for area in noncore"

.         
. *TABLE 1
. *TABLE 1.1 (add more things if the variables are used in exploration)
. sum death_rate per_gop20 vax_full vax_full_squared cond_obese cond_heart cond_diab svi_verylow svi
> _low svi_moderate svi_high svi_veryhigh hest_defnot hest_probnot hest_uns survpre_rate deathpre_ra
> te large_central_metro large_fringe_metro medium_metro small_metro micropolitan noncore pct_hispan
> ic pct_amerind pct_asian pct_black pct_natHI pct_white pct_other

    Variable |        Obs        Mean    Std. Dev.       Min        Max
-------------+---------------------------------------------------------
  death_rate |      3,000    35.15742     31.3958          0   171.2538
   per_gop20 |      2,998    64.96238    16.19348   3.675624   96.18182
    vax_full |      3,000    36.31237    10.15042   8.244908   77.98869
vax_full_s~d |      3,000    1421.585    820.4956   67.97852   6082.236
  cond_obese |      3,000    34.99057    4.433967       15.2       49.9
-------------+---------------------------------------------------------
  cond_heart |      3,000      8.6069    1.762537        4.1       15.1
   cond_diab |      3,000    13.07927    2.673156        6.5       25.3
 svi_verylow |      3,000        .199    .3993146          0          1
     svi_low |      3,000    .1996667    .3998164          0          1
svi_moderate |      3,000    .2016667    .4013115          0          1
-------------+---------------------------------------------------------
    svi_high |      3,000    .2106667    .4078501          0          1
svi_veryhigh |      3,000        .189    .3915739          0          1
 hest_defnot |      3,000    8.647163    3.210383       1.86      18.24
hest_probnot |      3,000    4.625207    1.584916   .8300001   8.459999
    hest_uns |      3,000    5.882247    1.519879       1.72      12.32
-------------+---------------------------------------------------------
survpre_rate |      3,000    10121.01    2851.598     1057.9   27344.45
deathpre_r~e |      3,000    205.3876      112.78          0   815.8922
large_cent~o |      3,000    .0203333    .1411614          0          1
large_frin~o |      3,000    .1316667    .3381844          0          1
medium_metro |      3,000    .1143333    .3182687          0          1
-------------+---------------------------------------------------------
 small_metro |      3,000        .106    .3078889          0          1
micropolitan |      3,000    .1993333    .3995657          0          1
     noncore |      3,000    .4283333    .4949197          0          1
pct_hispanic |      3,000    9.184453    13.03351          0      95.47
 pct_amerind |      3,000    1.489697    6.296411          0      90.19
-------------+---------------------------------------------------------
   pct_asian |      3,000      1.2651    2.257464          0      29.94
   pct_black |      3,000     9.21818    14.58489          0      82.54
   pct_natHI |      3,000    .0640233    .1744941          0        3.4
   pct_white |      3,000    76.73785    19.43926       3.53        100
   pct_other |      3,000      2.0407    1.518114  -2.98e-06      16.41

. 
. asdoc sum death_rate per_gop20 vax_full vax_full_squared cond_obese cond_heart cond_diab svi_veryl
> ow svi_low svi_moderate svi_high svi_veryhigh hest_defnot hest_probnot hest_uns survpre_rate death
> pre_rate large_central_metro large_fringe_metro medium_metro small_metro micropolitan noncore pct_
> hispanic pct_amerind pct_asian pct_black pct_natHI pct_white pct_other, save(summary_stats), repla
> ce

    Variable |        Obs        Mean    Std. Dev.       Min        Max
-------------+---------------------------------------------------------
  death_rate |      3,000    35.15742     31.3958          0   171.2538
   per_gop20 |      2,998    64.96238    16.19348   3.675624   96.18182
    vax_full |      3,000    36.31237    10.15042   8.244908   77.98869
vax_full_s~d |      3,000    1421.585    820.4956   67.97852   6082.236
  cond_obese |      3,000    34.99057    4.433967       15.2       49.9
-------------+---------------------------------------------------------
  cond_heart |      3,000      8.6069    1.762537        4.1       15.1
   cond_diab |      3,000    13.07927    2.673156        6.5       25.3
 svi_verylow |      3,000        .199    .3993146          0          1
     svi_low |      3,000    .1996667    .3998164          0          1
svi_moderate |      3,000    .2016667    .4013115          0          1
-------------+---------------------------------------------------------
    svi_high |      3,000    .2106667    .4078501          0          1
svi_veryhigh |      3,000        .189    .3915739          0          1
 hest_defnot |      3,000    8.647163    3.210383       1.86      18.24
hest_probnot |      3,000    4.625207    1.584916   .8300001   8.459999
    hest_uns |      3,000    5.882247    1.519879       1.72      12.32
-------------+---------------------------------------------------------
survpre_rate |      3,000    10121.01    2851.598     1057.9   27344.45
deathpre_r~e |      3,000    205.3876      112.78          0   815.8922
large_cent~o |      3,000    .0203333    .1411614          0          1
large_frin~o |      3,000    .1316667    .3381844          0          1
medium_metro |      3,000    .1143333    .3182687          0          1
-------------+---------------------------------------------------------
 small_metro |      3,000        .106    .3078889          0          1
micropolitan |      3,000    .1993333    .3995657          0          1
     noncore |      3,000    .4283333    .4949197          0          1
pct_hispanic |      3,000    9.184453    13.03351          0      95.47
 pct_amerind |      3,000    1.489697    6.296411          0      90.19
-------------+---------------------------------------------------------
   pct_asian |      3,000      1.2651    2.257464          0      29.94
   pct_black |      3,000     9.21818    14.58489          0      82.54
   pct_natHI |      3,000    .0640233    .1744941          0        3.4
   pct_white |      3,000    76.73785    19.43926       3.53        100
   pct_other |      3,000      2.0407    1.518114  -2.98e-06      16.41
Click to Open File:  summary_stats.doc

. 
. *TABLE 1.2
. gen GOP20=(per_gop20>=50)

. tabstat survpre_rate death_rate hest_defnot hest_probnot cond_obese cond_heart cond_diab vax_full,
>  by(GOP20)

Summary statistics: mean
  by categories of: GOP20 

   GOP20 |  survpr~e  death_~e  hest_d~t  hest_p~t  cond_o~e  cond_h~t  cond_d~b  vax_full
---------+--------------------------------------------------------------------------------
       0 |   9308.87  24.44999  6.934648  3.671833  32.60907  7.297778  12.47463  45.90863
       1 |  10299.28  37.50784  9.023081  4.834484  35.51333  8.894268  13.21199  34.20587
---------+--------------------------------------------------------------------------------
   Total |  10121.01  35.15742  8.647163  4.625207  34.99057    8.6069  13.07927  36.31237
------------------------------------------------------------------------------------------

. asdoc tabstat survpre_rate death_rate hest_defnot hest_probnot cond_obese cond_heart cond_diab vax
> _full, by(GOP20), save(table_1_2)

             | survpre~e  death_r~e  hest_de~t  hest_pr~t  cond_ob~e  cond_he~t  cond_diab 
-------------+-----------------------------------------------------------------------------
           0 |   9308.87   24.44999   6.934648   3.671833   32.60907   7.297778   12.47463 
           1 |  10299.28   37.50784   9.023081   4.834484   35.51333   8.894268   13.21199 

             |  vax_full 
-------------+-----------
           0 |  45.90863 
           1 |  34.20587 
(note: file table_1_2.doc not found)
Click to Open File:  table_1_2.doc

. 
. *TABLE 4 (add more things if the variables are used in exploration)
. describe death_rate per_gop20 vax_full vax_full_squared cond_obese cond_heart cond_diab svi_verylo
> w svi_low svi_moderate svi_high svi_veryhigh hest_defnot hest_probnot hest_uns survpre_rate deathp
> re_rate large_central_metro large_fringe_metro medium_metro small_metro micropolitan noncore pct_h
> ispanic pct_amerind pct_asian pct_black pct_natHI pct_white pct_other

              storage   display    value
variable name   type    format     label      variable label
----------------------------------------------------------------------------------------------------
death_rate      float   %9.0g                 Deaths per 100,000 post Jun 26, 2021
per_gop20       float   %9.0g                 Percent of votes for GOP pres: ER data
vax_full        float   %9.0g                 Percent fully vaccinated: VAXS data
vax_full_squa~d float   %9.0g                 Percent fully vaccinated squared: VAXS data
cond_obese      double  %10.0g                Prevalence of Obesity: UC data
cond_heart      double  %10.0g                Prevalence of Heart Disease: UC data
cond_diab       double  %10.0g                Prevalence of Diabetes: UC data
svi_verylow     float   %9.0g                 dummy variable for SVI very low vulnerability
svi_low         float   %9.0g                 dummy variable for SVI low vulnerability
svi_moderate    float   %9.0g                 dummy variable for SVI moderate vulnerability
svi_high        float   %9.0g                 dummy variable for SVI high vulnerability
svi_veryhigh    float   %9.0g                 dummy variable for SVI very high vulnerability
hest_defnot     float   %9.0g                 Hesitant: Definitely not: VH data
hest_probnot    float   %9.0g                 Hesitant: Probably not: VH data
hest_uns        float   %9.0g                 Hesitant: Unsure: VH data
survpre_rate    float   %9.0g                 Cases with documented covid-19 per 100,000 pre June
                                                26th, 2021
deathpre_rate   float   %9.0g                 Deaths per 100,000 pre Jun 26, 2021
large_central~o float   %9.0g                 dummy variable for area in large central metro
large_fringe_~o float   %9.0g                 dummy variable for area in large fringe metro
medium_metro    float   %9.0g                 dummy variable for area in medium metro
small_metro     float   %9.0g                 dummy variable for area in small metro
micropolitan    float   %9.0g                 dummy variable for area in micropolitan
noncore         float   %9.0g                 dummy variable for area in noncore
pct_hispanic    float   %9.0g                 Percent Hispanic: VH data
pct_amerind     float   %9.0g                 Percent American Indian (non-hispanic): VH data
pct_asian       float   %9.0g                 Percent Asian (non-hispanic): VH data
pct_black       float   %9.0g                 Percent Black (non-hispanic): VH data
pct_natHI       float   %9.0g                 Percent Native Haawiian (non-hispanic): VH data
pct_white       float   %9.0g                 Percent White (non-hispanic): VH data
pct_other       float   %9.0g                 Percent other: VH data

. 
. asdoc describe death_rate per_gop20 vax_full vax_full_squared cond_obese cond_heart cond_diab svi_
> verylow svi_low svi_moderate svi_high svi_veryhigh hest_defnot hest_probnot hest_uns survpre_rate 
> deathpre_rate large_central_metro large_fringe_metro medium_metro small_metro micropolitan noncore
>  pct_hispanic pct_amerind pct_asian pct_black pct_natHI pct_white pct_other, save(descriptions), r
> eplace
Click to Open File:  descriptions.doc

.         
. *TABLE 2
. *SLR: column 1
. regress death_rate per_gop20

      Source |       SS           df       MS      Number of obs   =     2,998
-------------+----------------------------------   F(1, 2996)      =    157.46
       Model |  147422.352         1  147422.352   Prob > F        =    0.0000
    Residual |  2805047.08     2,996  936.264046   R-squared       =    0.0499
-------------+----------------------------------   Adj R-squared   =    0.0496
       Total |  2952469.43     2,997   985.14162   Root MSE        =    30.598

------------------------------------------------------------------------------
  death_rate |      Coef.   Std. Err.      t    P>|t|     [95% Conf. Interval]
-------------+----------------------------------------------------------------
   per_gop20 |   .4331098   .0345156    12.55   0.000     .3654331    .5007865
       _cons |   6.993163   2.310807     3.03   0.002     2.462234    11.52409
------------------------------------------------------------------------------

.         
. *MLR: column 2
. regress death_rate per_gop20 vax_full

      Source |       SS           df       MS      Number of obs   =     2,998
-------------+----------------------------------   F(2, 2995)      =    260.77
       Model |  437880.138         2  218940.069   Prob > F        =    0.0000
    Residual |   2514589.3     2,995  839.595758   R-squared       =    0.1483
-------------+----------------------------------   Adj R-squared   =    0.1477
       Total |  2952469.43     2,997   985.14162   Root MSE        =    28.976

------------------------------------------------------------------------------
  death_rate |      Coef.   Std. Err.      t    P>|t|     [95% Conf. Interval]
-------------+----------------------------------------------------------------
   per_gop20 |  -.0583225   .0420288    -1.39   0.165    -.1407307    .0240857
    vax_full |  -1.247173   .0670533   -18.60   0.000    -1.378649   -1.115698
       _cons |    84.2142    4.69312    17.94   0.000     75.01214    93.41627
------------------------------------------------------------------------------

.         
. *MLR: column 3
. regress death_rate per_gop20 vax_full vax_full_squared

      Source |       SS           df       MS      Number of obs   =     2,998
-------------+----------------------------------   F(3, 2994)      =    175.89
       Model |  442381.293         3  147460.431   Prob > F        =    0.0000
    Residual |  2510088.14     2,994  838.372793   R-squared       =    0.1498
-------------+----------------------------------   Adj R-squared   =    0.1490
       Total |  2952469.43     2,997   985.14162   Root MSE        =    28.955

----------------------------------------------------------------------------------
      death_rate |      Coef.   Std. Err.      t    P>|t|     [95% Conf. Interval]
-----------------+----------------------------------------------------------------
       per_gop20 |  -.0568547   .0420029    -1.35   0.176    -.1392123    .0255028
        vax_full |  -1.872112   .2779066    -6.74   0.000    -2.417019   -1.327205
vax_full_squared |   .0078913   .0034057     2.32   0.021     .0012136    .0145691
           _cons |   95.59408   6.790722    14.08   0.000     82.27913     108.909
----------------------------------------------------------------------------------

.         
. *MLR: column 4
. regress death_rate per_gop20 vax_full vax_full_squared cond_obese cond_heart cond_diab svi_verylow
>  svi_low svi_moderate svi_high svi_veryhigh hest_defnot hest_probnot hest_uns survpre_rate deathpr
> e_rate large_central_metro large_fringe_metro medium_metro small_metro micropolitan noncore pct_hi
> spanic pct_amerind pct_asian pct_black pct_natHI pct_white pct_other
note: svi_veryhigh omitted because of collinearity
note: large_central_metro omitted because of collinearity
note: pct_natHI omitted because of collinearity

      Source |       SS           df       MS      Number of obs   =     2,998
-------------+----------------------------------   F(26, 2971)     =     66.60
       Model |  1087155.22        26  41813.6621   Prob > F        =    0.0000
    Residual |  1865314.22     2,971  627.840532   R-squared       =    0.3682
-------------+----------------------------------   Adj R-squared   =    0.3627
       Total |  2952469.43     2,997   985.14162   Root MSE        =    25.057

-------------------------------------------------------------------------------------
         death_rate |      Coef.   Std. Err.      t    P>|t|     [95% Conf. Interval]
--------------------+----------------------------------------------------------------
          per_gop20 |   .4537798   .0634965     7.15   0.000     .3292782    .5782813
           vax_full |  -.6749274   .2561406    -2.63   0.008    -1.177158   -.1726965
   vax_full_squared |    .006094   .0031219     1.95   0.051    -.0000273    .0122153
         cond_obese |  -1.545116   .1708439    -9.04   0.000    -1.880101   -1.210132
         cond_heart |   2.349423   1.006378     2.33   0.020     .3761544    4.322692
          cond_diab |   1.759496   .7646626     2.30   0.021     .2601743    3.258818
        svi_verylow |  -14.75054   2.390598    -6.17   0.000    -19.43793   -10.06314
            svi_low |  -8.568432   2.124427    -4.03   0.000    -12.73393   -4.402935
       svi_moderate |  -2.989181   1.896321    -1.58   0.115    -6.707416    .7290544
           svi_high |  -1.124018   1.679856    -0.67   0.503    -4.417817    2.169781
       svi_veryhigh |          0  (omitted)
        hest_defnot |   1.222268   .2472317     4.94   0.000     .7375048     1.70703
       hest_probnot |   1.673465   .4753499     3.52   0.000     .7414166    2.605513
           hest_uns |   .6927973   .4166104     1.66   0.096     -.124077    1.509672
       survpre_rate |  -.0012184   .0002024    -6.02   0.000    -.0016152   -.0008215
      deathpre_rate |    .028919   .0052484     5.51   0.000     .0186281    .0392099
large_central_metro |          0  (omitted)
 large_fringe_metro |   1.747638    3.65541     0.48   0.633    -5.419754     8.91503
       medium_metro |   -1.58948   3.725835    -0.43   0.670    -8.894959    5.715999
        small_metro |   .5594395   3.812227     0.15   0.883    -6.915433    8.034312
       micropolitan |   -4.68108   3.731573    -1.25   0.210    -11.99781    2.635649
            noncore |  -8.709596   3.778037    -2.31   0.021    -16.11743   -1.301762
       pct_hispanic |  -4.518354   2.757204    -1.64   0.101    -9.924576    .8878679
        pct_amerind |  -4.841928   2.757807    -1.76   0.079    -10.24933    .5654776
          pct_asian |  -5.092895   2.803286    -1.82   0.069    -10.58947    .4036841
          pct_black |  -4.321025   2.753079    -1.57   0.117    -9.719161    1.077111
          pct_natHI |          0  (omitted)
          pct_white |  -4.765392    2.75725    -1.73   0.084     -10.1717    .6409205
          pct_other |  -5.164799   2.801798    -1.84   0.065    -10.65846    .3288634
              _cons |   497.5975    274.801     1.81   0.070    -41.22208    1036.417
-------------------------------------------------------------------------------------

.         
. *SECTION 3
. *Figure 3.1
. twoway (scatter death_rate per_gop20, mcolor(blue) msymbol(circle_hollow) mlwidth(thin))(lfit deat
> h_rate per_gop20, lwidth(thick)), xtitle("Percent of votes for GOP president") title("COVID-19 Dea
> th rates and Percent votes for GOP") graphregion(color(white))

. graph export figure3_1.pdf, replace
(file /Users/harukatakagi/Desktop/figure3_1.pdf written in PDF format)

. 
. *Figure 3.2
. hist per_gop20, title("Histogram of Percent votes for GOP president") graphregion(color(white))
(bin=34, start=3.6756239, width=2.7207704)

. graph export figure3_11.pdf, replace
(file /Users/harukatakagi/Desktop/figure3_11.pdf written in PDF format)

. 
. *Figure 3.3
. twoway (scatter death_rate vax_full, mcolor(blue) msymbol(circle_hollow) mlwidth(thin))(lfit death
> _rate vax_full, lwidth(thick)), xtitle("vaccination rate") title("COVID-19 Death rates and vaccina
> tion rate") graphregion(color(white))

. graph export figure3_5.pdf, replace
(file /Users/harukatakagi/Desktop/figure3_5.pdf written in PDF format)

. 
. 
. * END
. log close
      name:  <unnamed>
       log:  /Users/harukatakagi/Desktop/covid_analysis.log
  log type:  text
 closed on:  14 Oct 2021, 21:48:39
----------------------------------------------------------------------------------------------------
